[skip] 1 tree_build
[skip] 2 replicates
[skip] 3 aggregate
[skip] 4 realized
[skip] 5 stats_marginal
[skip] 6 stats_realized
[skip] 7 perturb_noise10
[skip] 8 perturb_noise20
[skip] 9 perturb_bias
[skip] 10 aggregate_sens
[skip] 11 sensitivity
[skip] 12 dido_sens
[skip] 13 evt_onsite_reps
[skip] 14 evt_onsite_pool
[skip] 15 evt_onsite_stats
[16:48] step 16: tree_sweep  -> run_logs/ca_16_tree_sweep.log
[ok]   step 16: tree_sweep
[16:48] step 17: combine_paper  -> run_logs/ca_17_combine_paper.log
[ok]   step 17: combine_paper
[16:48] step 18: grid_generator  -> run_logs/ca_18_grid_generator.log
